// Vitest Snapshot v1, https://vitest.dev/guide/snapshot.html

exports[`Test for text Utilities > remarkRegex() > <p>Check out <a href="https://www.alphaday.com">https://www.alphaday.com</a>.</p> 1`] = `
<p>
  Check out 
  <a
    href="https://www.alphaday.com."
    rel="noopener noreferrer"
    target="_blank"
  >
    https://www.alphaday.com.
  </a>
</p>
`;

exports[`Test for text Utilities remarkRegex(): <p>Check out <a href="https://www.alphaday.com">https://www.alphaday.com</a>.</p> 1`] = `
<p>
  Check out 
  <a
    href="https://www.alphaday.com."
    rel="noopener noreferrer"
    target="_blank"
  >
    https://www.alphaday.com.
  </a>
</p>
`;
